[
  {
    "X": 53,
    "Y": 9
  },
  {
    "X": 55,
    "Y": 9
  },
  {
    "X": 49,
    "Y": 10
  },
  {
    "X": 61,
    "Y": 10
  },
  {
    "X": 47,
    "Y": 11
  },
  {
    "X": 63,
    "Y": 11
  },
  {
    "X": 46,
    "Y": 12
  },
  {
    "X": 65,
    "Y": 12
  },
  {
    "X": 45,
    "Y": 13
  },
  {
    "X": 67,
    "Y": 13
  },
  {
    "X": 44,
    "Y": 14
  },
  {
    "X": 68,
    "Y": 14
  },
  {
    "X": 110,
    "Y": 14
  },
  {
    "X": 111,
    "Y": 14
  },
  {
    "X": 113,
    "Y": 14
  },
  {
    "X": 44,
    "Y": 15
  },
  {
    "X": 69,
    "Y": 15
  },
  {
    "X": 108,
    "Y": 15
  },
  {
    "X": 111,
    "Y": 15
  },
  {
    "X": 113,
    "Y": 15
  },
  {
    "X": 43,
    "Y": 16
  },
  {
    "X": 70,
    "Y": 16
  },
  {
    "X": 107,
    "Y": 16
  },
  {
    "X": 111,
    "Y": 16
  },
  {
    "X": 113,
    "Y": 16
  },
  {
    "X": 43,
    "Y": 17
  },
  {
    "X": 71,
    "Y": 17
  },
  {
    "X": 107,
    "Y": 17
  },
  {
    "X": 111,
    "Y": 17
  },
  {
    "X": 113,
    "Y": 17
  },
  {
    "X": 42,
    "Y": 18
  },
  {
    "X": 71,
    "Y": 18
  },
  {
    "X": 107,
    "Y": 18
  },
  {
    "X": 111,
    "Y": 18
  },
  {
    "X": 113,
    "Y": 18
  },
  {
    "X": 41,
    "Y": 19
  },
  {
    "X": 71,
    "Y": 19
  },
  {
    "X": 107,
    "Y": 19
  },
  {
    "X": 111,
    "Y": 19
  },
  {
    "X": 113,
    "Y": 19
  },
  {
    "X": 41,
    "Y": 20
  },
  {
    "X": 71,
    "Y": 20
  },
  {
    "X": 107,
    "Y": 20
  },
  {
    "X": 111,
    "Y": 20
  },
  {
    "X": 113,
    "Y": 20
  },
  {
    "X": 41,
    "Y": 21
  },
  {
    "X": 72,
    "Y": 21
  },
  {
    "X": 107,
    "Y": 21
  },
  {
    "X": 111,
    "Y": 21
  },
  {
    "X": 113,
    "Y": 21
  },
  {
    "X": 41,
    "Y": 22
  },
  {
    "X": 72,
    "Y": 22
  },
  {
    "X": 40,
    "Y": 23
  },
  {
    "X": 72,
    "Y": 23
  },
  {
    "X": 40,
    "Y": 24
  },
  {
    "X": 72,
    "Y": 24
  },
  {
    "X": 40,
    "Y": 25
  },
  {
    "X": 72,
    "Y": 25
  },
  {
    "X": 40,
    "Y": 26
  },
  {
    "X": 72,
    "Y": 26
  },
  {
    "X": 40,
    "Y": 27
  },
  {
    "X": 72,
    "Y": 27
  },
  {
    "X": 40,
    "Y": 28
  },
  {
    "X": 71,
    "Y": 28
  },
  {
    "X": 41,
    "Y": 29
  },
  {
    "X": 71,
    "Y": 29
  },
  {
    "X": 41,
    "Y": 30
  },
  {
    "X": 70,
    "Y": 30
  },
  {
    "X": 41,
    "Y": 31
  },
  {
    "X": 70,
    "Y": 31
  },
  {
    "X": 42,
    "Y": 32
  },
  {
    "X": 69,
    "Y": 32
  },
  {
    "X": 43,
    "Y": 33
  },
  {
    "X": 69,
    "Y": 33
  },
  {
    "X": 44,
    "Y": 34
  },
  {
    "X": 67,
    "Y": 34
  },
  {
    "X": 45,
    "Y": 35
  },
  {
    "X": 65,
    "Y": 35
  },
  {
    "X": 46,
    "Y": 36
  },
  {
    "X": 64,
    "Y": 36
  },
  {
    "X": 48,
    "Y": 37
  },
  {
    "X": 61,
    "Y": 37
  },
  {
    "X": 51,
    "Y": 38
  },
  {
    "X": 56,
    "Y": 38
  },
  {
    "X": 47,
    "Y": 36
  },
  {
    "X": 48,
    "Y": 11
  },
  {
    "X": 49,
    "Y": 37
  },
  {
    "X": 50,
    "Y": 10
  },
  {
    "X": 50,
    "Y": 37
  },
  {
    "X": 51,
    "Y": 10
  },
  {
    "X": 52,
    "Y": 10
  },
  {
    "X": 52,
    "Y": 38
  },
  {
    "X": 53,
    "Y": 38
  },
  {
    "X": 54,
    "Y": 9
  },
  {
    "X": 54,
    "Y": 38
  },
  {
    "X": 55,
    "Y": 38
  },
  {
    "X": 56,
    "Y": 10
  },
  {
    "X": 57,
    "Y": 10
  },
  {
    "X": 57,
    "Y": 37
  },
  {
    "X": 58,
    "Y": 10
  },
  {
    "X": 58,
    "Y": 37
  },
  {
    "X": 59,
    "Y": 10
  },
  {
    "X": 59,
    "Y": 37
  },
  {
    "X": 60,
    "Y": 10
  },
  {
    "X": 60,
    "Y": 37
  },
  {
    "X": 62,
    "Y": 11
  },
  {
    "X": 62,
    "Y": 36
  },
  {
    "X": 63,
    "Y": 36
  },
  {
    "X": 64,
    "Y": 12
  },
  {
    "X": 66,
    "Y": 13
  },
  {
    "X": 66,
    "Y": 34
  },
  {
    "X": 68,
    "Y": 33
  },
  {
    "X": 108,
    "Y": 21
  },
  {
    "X": 109,
    "Y": 15
  },
  {
    "X": 109,
    "Y": 21
  },
  {
    "X": 110,
    "Y": 21
  }
]
